Archive member included to satisfy reference by file (symbol)

c:/st/stm32cubeide_1.8.0/stm32cubeide/plugins/com.st.stm32cube.ide.mcu.externaltools.gnu-tools-for-stm32.10.3-2021.10.win32_1.0.0.202111181127/tools/bin/../lib/gcc/arm-none-eabi/10.3.1/../../../../arm-none-eabi/lib/thumb/v7e-m+fp/hard\libc_nano.a(lib_a-errno.o)
                              ./Core/Src/syscalls.o (__errno)
c:/st/stm32cubeide_1.8.0/stm32cubeide/plugins/com.st.stm32cube.ide.mcu.externaltools.gnu-tools-for-stm32.10.3-2021.10.win32_1.0.0.202111181127/tools/bin/../lib/gcc/arm-none-eabi/10.3.1/../../../../arm-none-eabi/lib/thumb/v7e-m+fp/hard\libc_nano.a(lib_a-exit.o)
                              c:/st/stm32cubeide_1.8.0/stm32cubeide/plugins/com.st.stm32cube.ide.mcu.externaltools.gnu-tools-for-stm32.10.3-2021.10.win32_1.0.0.202111181127/tools/bin/../lib/gcc/arm-none-eabi/10.3.1/../../../../arm-none-eabi/lib/thumb/v7e-m+fp/hard/crt0.o (exit)
c:/st/stm32cubeide_1.8.0/stm32cubeide/plugins/com.st.stm32cube.ide.mcu.externaltools.gnu-tools-for-stm32.10.3-2021.10.win32_1.0.0.202111181127/tools/bin/../lib/gcc/arm-none-eabi/10.3.1/../../../../arm-none-eabi/lib/thumb/v7e-m+fp/hard\libc_nano.a(lib_a-impure.o)
                              c:/st/stm32cubeide_1.8.0/stm32cubeide/plugins/com.st.stm32cube.ide.mcu.externaltools.gnu-tools-for-stm32.10.3-2021.10.win32_1.0.0.202111181127/tools/bin/../lib/gcc/arm-none-eabi/10.3.1/../../../../arm-none-eabi/lib/thumb/v7e-m+fp/hard\libc_nano.a(lib_a-exit.o) (_global_impure_ptr)
c:/st/stm32cubeide_1.8.0/stm32cubeide/plugins/com.st.stm32cube.ide.mcu.externaltools.gnu-tools-for-stm32.10.3-2021.10.win32_1.0.0.202111181127/tools/bin/../lib/gcc/arm-none-eabi/10.3.1/../../../../arm-none-eabi/lib/thumb/v7e-m+fp/hard\libc_nano.a(lib_a-init.o)
                              c:/st/stm32cubeide_1.8.0/stm32cubeide/plugins/com.st.stm32cube.ide.mcu.externaltools.gnu-tools-for-stm32.10.3-2021.10.win32_1.0.0.202111181127/tools/bin/../lib/gcc/arm-none-eabi/10.3.1/../../../../arm-none-eabi/lib/thumb/v7e-m+fp/hard/crt0.o (__libc_init_array)
c:/st/stm32cubeide_1.8.0/stm32cubeide/plugins/com.st.stm32cube.ide.mcu.externaltools.gnu-tools-for-stm32.10.3-2021.10.win32_1.0.0.202111181127/tools/bin/../lib/gcc/arm-none-eabi/10.3.1/../../../../arm-none-eabi/lib/thumb/v7e-m+fp/hard\libc_nano.a(lib_a-memcpy-stub.o)
                              ./ThirdParty/FreeRTOS/org/Source/queue.o (memcpy)
c:/st/stm32cubeide_1.8.0/stm32cubeide/plugins/com.st.stm32cube.ide.mcu.externaltools.gnu-tools-for-stm32.10.3-2021.10.win32_1.0.0.202111181127/tools/bin/../lib/gcc/arm-none-eabi/10.3.1/../../../../arm-none-eabi/lib/thumb/v7e-m+fp/hard\libc_nano.a(lib_a-memset.o)
                              c:/st/stm32cubeide_1.8.0/stm32cubeide/plugins/com.st.stm32cube.ide.mcu.externaltools.gnu-tools-for-stm32.10.3-2021.10.win32_1.0.0.202111181127/tools/bin/../lib/gcc/arm-none-eabi/10.3.1/../../../../arm-none-eabi/lib/thumb/v7e-m+fp/hard/crt0.o (memset)
c:/st/stm32cubeide_1.8.0/stm32cubeide/plugins/com.st.stm32cube.ide.mcu.externaltools.gnu-tools-for-stm32.10.3-2021.10.win32_1.0.0.202111181127/tools/bin/../lib/gcc/arm-none-eabi/10.3.1/thumb/v7e-m+fp/hard\libgcc.a(_aeabi_uldivmod.o)
                              ./Drivers/STM32F4xx_HAL_Driver/Src/stm32f4xx_hal_rcc.o (__aeabi_uldivmod)
c:/st/stm32cubeide_1.8.0/stm32cubeide/plugins/com.st.stm32cube.ide.mcu.externaltools.gnu-tools-for-stm32.10.3-2021.10.win32_1.0.0.202111181127/tools/bin/../lib/gcc/arm-none-eabi/10.3.1/thumb/v7e-m+fp/hard\libgcc.a(_udivmoddi4.o)
                              c:/st/stm32cubeide_1.8.0/stm32cubeide/plugins/com.st.stm32cube.ide.mcu.externaltools.gnu-tools-for-stm32.10.3-2021.10.win32_1.0.0.202111181127/tools/bin/../lib/gcc/arm-none-eabi/10.3.1/thumb/v7e-m+fp/hard\libgcc.a(_aeabi_uldivmod.o) (__udivmoddi4)
c:/st/stm32cubeide_1.8.0/stm32cubeide/plugins/com.st.stm32cube.ide.mcu.externaltools.gnu-tools-for-stm32.10.3-2021.10.win32_1.0.0.202111181127/tools/bin/../lib/gcc/arm-none-eabi/10.3.1/thumb/v7e-m+fp/hard\libgcc.a(_dvmd_tls.o)
                              c:/st/stm32cubeide_1.8.0/stm32cubeide/plugins/com.st.stm32cube.ide.mcu.externaltools.gnu-tools-for-stm32.10.3-2021.10.win32_1.0.0.202111181127/tools/bin/../lib/gcc/arm-none-eabi/10.3.1/thumb/v7e-m+fp/hard\libgcc.a(_aeabi_uldivmod.o) (__aeabi_ldiv0)

Discarded input sections

 .text          0x0000000000000000        0x0 c:/st/stm32cubeide_1.8.0/stm32cubeide/plugins/com.st.stm32cube.ide.mcu.externaltools.gnu-tools-for-stm32.10.3-2021.10.win32_1.0.0.202111181127/tools/bin/../lib/gcc/arm-none-eabi/10.3.1/thumb/v7e-m+fp/hard/crti.o
 .data          0x0000000000000000        0x0 c:/st/stm32cubeide_1.8.0/stm32cubeide/plugins/com.st.stm32cube.ide.mcu.externaltools.gnu-tools-for-stm32.10.3-2021.10.win32_1.0.0.202111181127/tools/bin/../lib/gcc/arm-none-eabi/10.3.1/thumb/v7e-m+fp/hard/crti.o
[...]
Memory Configuration

Name             Origin             Length             Attributes
CCMRAM           0x0000000010000000 0x0000000000010000 xrw
RAM              0x0000000020000000 0x0000000000020000 xrw
FLASH            0x0000000008000000 0x0000000000080000 xr
*default*        0x0000000000000000 0xffffffffffffffff

Linker script and memory map

LOAD c:/st/stm32cubeide_1.8.0/stm32cubeide/plugins/com.st.stm32cube.ide.mcu.externaltools.gnu-tools-for-stm32.10.3-2021.10.win32_1.0.0.202111181127/tools/bin/../lib/gcc/arm-none-eabi/10.3.1/thumb/v7e-m+fp/hard/crti.o
LOAD c:/st/stm32cubeide_1.8.0/stm32cubeide/plugins/com.st.stm32cube.ide.mcu.externaltools.gnu-tools-for-stm32.10.3-2021.10.win32_1.0.0.202111181127/tools/bin/../lib/gcc/arm-none-eabi/10.3.1/thumb/v7e-m+fp/hard/crtbegin.o
LOAD c:/st/stm32cubeide_1.8.0/stm32cubeide/plugins/com.st.stm32cube.ide.mcu.externaltools.gnu-tools-for-stm32.10.3-2021.10.win32_1.0.0.202111181127/tools/bin/../lib/gcc/arm-none-eabi/10.3.1/../../../../arm-none-eabi/lib/thumb/v7e-m+fp/hard/crt0.o
LOAD ./Core/Src/main.o
LOAD ./Core/Src/stm32f4xx_hal_msp.o
LOAD ./Core/Src/stm32f4xx_it.o
LOAD ./Core/Src/syscalls.o
LOAD ./Core/Src/sysmem.o
LOAD ./Core/Src/system_stm32f4xx.o
LOAD ./Core/Startup/startup_stm32f407vetx.o
LOAD ./Drivers/STM32F4xx_HAL_Driver/Src/stm32f4xx_hal.o
LOAD ./Drivers/STM32F4xx_HAL_Driver/Src/stm32f4xx_hal_cortex.o
LOAD ./Drivers/STM32F4xx_HAL_Driver/Src/stm32f4xx_hal_dma.o
LOAD ./Drivers/STM32F4xx_HAL_Driver/Src/stm32f4xx_hal_dma_ex.o
LOAD ./Drivers/STM32F4xx_HAL_Driver/Src/stm32f4xx_hal_exti.o
LOAD ./Drivers/STM32F4xx_HAL_Driver/Src/stm32f4xx_hal_flash.o
LOAD ./Drivers/STM32F4xx_HAL_Driver/Src/stm32f4xx_hal_flash_ex.o
LOAD ./Drivers/STM32F4xx_HAL_Driver/Src/stm32f4xx_hal_flash_ramfunc.o
LOAD ./Drivers/STM32F4xx_HAL_Driver/Src/stm32f4xx_hal_gpio.o
LOAD ./Drivers/STM32F4xx_HAL_Driver/Src/stm32f4xx_hal_pwr.o
LOAD ./Drivers/STM32F4xx_HAL_Driver/Src/stm32f4xx_hal_pwr_ex.o
LOAD ./Drivers/STM32F4xx_HAL_Driver/Src/stm32f4xx_hal_rcc.o
LOAD ./Drivers/STM32F4xx_HAL_Driver/Src/stm32f4xx_hal_rcc_ex.o
LOAD ./Drivers/STM32F4xx_HAL_Driver/Src/stm32f4xx_hal_tim.o
LOAD ./Drivers/STM32F4xx_HAL_Driver/Src/stm32f4xx_hal_tim_ex.o
LOAD ./ThirdParty/FreeRTOS/org/Source/croutine.o
LOAD ./ThirdParty/FreeRTOS/org/Source/event_groups.o
LOAD ./ThirdParty/FreeRTOS/org/Source/list.o
LOAD ./ThirdParty/FreeRTOS/org/Source/queue.o
LOAD ./ThirdParty/FreeRTOS/org/Source/stream_buffer.o
LOAD ./ThirdParty/FreeRTOS/org/Source/tasks.o
LOAD ./ThirdParty/FreeRTOS/org/Source/timers.o
LOAD ./ThirdParty/FreeRTOS/org/Source/portable/GCC/ARM_CM4F/port.o
LOAD ./ThirdParty/FreeRTOS/org/Source/portable/MemMang/heap_4.o
START GROUP
LOAD c:/st/stm32cubeide_1.8.0/stm32cubeide/plugins/com.st.stm32cube.ide.mcu.externaltools.gnu-tools-for-stm32.10.3-2021.10.win32_1.0.0.202111181127/tools/bin/../lib/gcc/arm-none-eabi/10.3.1/../../../../arm-none-eabi/lib/thumb/v7e-m+fp/hard\libc_nano.a
LOAD c:/st/stm32cubeide_1.8.0/stm32cubeide/plugins/com.st.stm32cube.ide.mcu.externaltools.gnu-tools-for-stm32.10.3-2021.10.win32_1.0.0.202111181127/tools/bin/../lib/gcc/arm-none-eabi/10.3.1/../../../../arm-none-eabi/lib/thumb/v7e-m+fp/hard\libm.a
END GROUP
START GROUP
LOAD c:/st/stm32cubeide_1.8.0/stm32cubeide/plugins/com.st.stm32cube.ide.mcu.externaltools.gnu-tools-for-stm32.10.3-2021.10.win32_1.0.0.202111181127/tools/bin/../lib/gcc/arm-none-eabi/10.3.1/thumb/v7e-m+fp/hard\libgcc.a
LOAD c:/st/stm32cubeide_1.8.0/stm32cubeide/plugins/com.st.stm32cube.ide.mcu.externaltools.gnu-tools-for-stm32.10.3-2021.10.win32_1.0.0.202111181127/tools/bin/../lib/gcc/arm-none-eabi/10.3.1/../../../../arm-none-eabi/lib/thumb/v7e-m+fp/hard\libc_nano.a
END GROUP
START GROUP
LOAD c:/st/stm32cubeide_1.8.0/stm32cubeide/plugins/com.st.stm32cube.ide.mcu.externaltools.gnu-tools-for-stm32.10.3-2021.10.win32_1.0.0.202111181127/tools/bin/../lib/gcc/arm-none-eabi/10.3.1/thumb/v7e-m+fp/hard\libgcc.a
LOAD c:/st/stm32cubeide_1.8.0/stm32cubeide/plugins/com.st.stm32cube.ide.mcu.externaltools.gnu-tools-for-stm32.10.3-2021.10.win32_1.0.0.202111181127/tools/bin/../lib/gcc/arm-none-eabi/10.3.1/../../../../arm-none-eabi/lib/thumb/v7e-m+fp/hard\libc_nano.a
LOAD c:/st/stm32cubeide_1.8.0/stm32cubeide/plugins/com.st.stm32cube.ide.mcu.externaltools.gnu-tools-for-stm32.10.3-2021.10.win32_1.0.0.202111181127/tools/bin/../lib/gcc/arm-none-eabi/10.3.1/../../../../arm-none-eabi/lib/thumb/v7e-m+fp/hard\libnosys.a
END GROUP
START GROUP
LOAD c:/st/stm32cubeide_1.8.0/stm32cubeide/plugins/com.st.stm32cube.ide.mcu.externaltools.gnu-tools-for-stm32.10.3-2021.10.win32_1.0.0.202111181127/tools/bin/../lib/gcc/arm-none-eabi/10.3.1/thumb/v7e-m+fp/hard\libgcc.a
LOAD c:/st/stm32cubeide_1.8.0/stm32cubeide/plugins/com.st.stm32cube.ide.mcu.externaltools.gnu-tools-for-stm32.10.3-2021.10.win32_1.0.0.202111181127/tools/bin/../lib/gcc/arm-none-eabi/10.3.1/../../../../arm-none-eabi/lib/thumb/v7e-m+fp/hard\libc_nano.a
LOAD c:/st/stm32cubeide_1.8.0/stm32cubeide/plugins/com.st.stm32cube.ide.mcu.externaltools.gnu-tools-for-stm32.10.3-2021.10.win32_1.0.0.202111181127/tools/bin/../lib/gcc/arm-none-eabi/10.3.1/../../../../arm-none-eabi/lib/thumb/v7e-m+fp/hard\libnosys.a
END GROUP
LOAD c:/st/stm32cubeide_1.8.0/stm32cubeide/plugins/com.st.stm32cube.ide.mcu.externaltools.gnu-tools-for-stm32.10.3-2021.10.win32_1.0.0.202111181127/tools/bin/../lib/gcc/arm-none-eabi/10.3.1/thumb/v7e-m+fp/hard/crtend.o
LOAD c:/st/stm32cubeide_1.8.0/stm32cubeide/plugins/com.st.stm32cube.ide.mcu.externaltools.gnu-tools-for-stm32.10.3-2021.10.win32_1.0.0.202111181127/tools/bin/../lib/gcc/arm-none-eabi/10.3.1/thumb/v7e-m+fp/hard/crtn.o
                0x0000000020020000                _estack = (ORIGIN (RAM) + LENGTH (RAM))
                0x0000000000000200                _Min_Heap_Size = 0x200
                0x0000000000000400                _Min_Stack_Size = 0x400

.isr_vector     0x0000000008000000      0x188
                0x0000000008000000                . = ALIGN (0x4)
 *(.isr_vector)
 .isr_vector    0x0000000008000000      0x188 ./Core/Startup/startup_stm32f407vetx.o
                0x0000000008000000                g_pfnVectors
                0x0000000008000188                . = ALIGN (0x4)

.text           0x0000000008000190     0x3d84
                0x0000000008000190                . = ALIGN (0x4)
 *(.text)
 .text          0x0000000008000190       0x40 c:/st/stm32cubeide_1.8.0/stm32cubeide/plugins/com.st.stm32cube.ide.mcu.externaltools.gnu-tools-for-stm32.10.3-2021.10.win32_1.0.0.202111181127/tools/bin/../lib/gcc/arm-none-eabi/10.3.1/thumb/v7e-m+fp/hard/crtbegin.o
 .text          0x00000000080001d0       0x30 c:/st/stm32cubeide_1.8.0/stm32cubeide/plugins/com.st.stm32cube.ide.mcu.externaltools.gnu-tools-for-stm32.10.3-2021.10.win32_1.0.0.202111181127/tools/bin/../lib/gcc/arm-none-eabi/10.3.1/thumb/v7e-m+fp/hard\libgcc.a(_aeabi_uldivmod.o)
                0x00000000080001d0                __aeabi_uldivmod
 .text          0x0000000008000200      0x2d0 c:/st/stm32cubeide_1.8.0/stm32cubeide/plugins/com.st.stm32cube.ide.mcu.externaltools.gnu-tools-for-stm32.10.3-2021.10.win32_1.0.0.202111181127/tools/bin/../lib/gcc/arm-none-eabi/10.3.1/thumb/v7e-m+fp/hard\libgcc.a(_udivmoddi4.o)
                0x0000000008000200                __udivmoddi4
 .text          0x00000000080004d0        0x4 c:/st/stm32cubeide_1.8.0/stm32cubeide/plugins/com.st.stm32cube.ide.mcu.externaltools.gnu-tools-for-stm32.10.3-2021.10.win32_1.0.0.202111181127/tools/bin/../lib/gcc/arm-none-eabi/10.3.1/thumb/v7e-m+fp/hard\libgcc.a(_dvmd_tls.o)
                0x00000000080004d0                __aeabi_idiv0
                0x00000000080004d0                __aeabi_ldiv0
 *(.text*)
 .text.main     0x00000000080004d4       0x6c ./Core/Src/main.o
                0x00000000080004d4                main
 .text.SystemClock_Config
                0x0000000008000540       0xbc ./Core/Src/main.o
                0x0000000008000540                SystemClock_Config
 .text.MX_GPIO_Init
                0x00000000080005fc       0xa0 ./Core/Src/main.o
 .text.vTask_Receiver_Handler
                0x000000000800069c       0x58 ./Core/Src/main.o
                0x000000000800069c                vTask_Receiver_Handler
 .text.vTask_Sender_Handler
                0x00000000080006f4       0x64 ./Core/Src/main.o
                0x00000000080006f4                vTask_Sender_Handler
 .text.Error_Handler
                0x0000000008000758        0xa ./Core/Src/main.o
                0x0000000008000758                Error_Handler
 *fill*         0x0000000008000762        0x2 
 .text.HAL_MspInit
                0x0000000008000764       0x50 ./Core/Src/stm32f4xx_hal_msp.o
                0x0000000008000764                HAL_MspInit
 .text.NMI_Handler
                0x00000000080007b4        0x6 ./Core/Src/stm32f4xx_it.o
                0x00000000080007b4                NMI_Handler
 .text.HardFault_Handler
                0x00000000080007ba        0x6 ./Core/Src/stm32f4xx_it.o
                0x00000000080007ba                HardFault_Handler
 .text.MemManage_Handler
                0x00000000080007c0        0x6 ./Core/Src/stm32f4xx_it.o
                0x00000000080007c0                MemManage_Handler
 .text.BusFault_Handler
                0x00000000080007c6        0x6 ./Core/Src/stm32f4xx_it.o
                0x00000000080007c6                BusFault_Handler
 .text.UsageFault_Handler
                0x00000000080007cc        0x6 ./Core/Src/stm32f4xx_it.o
                0x00000000080007cc                UsageFault_Handler
 .text.DebugMon_Handler
                0x00000000080007d2        0xe ./Core/Src/stm32f4xx_it.o
                0x00000000080007d2                DebugMon_Handler
 .text.SystemInit
                0x00000000080007e0       0x24 ./Core/Src/system_stm32f4xx.o
                0x00000000080007e0                SystemInit
 .text.Reset_Handler
                0x0000000008000804       0x50 ./Core/Startup/startup_stm32f407vetx.o
                0x0000000008000804                Reset_Handler
 .text.Default_Handler
                0x0000000008000854        0x2 ./Core/Startup/startup_stm32f407vetx.o
                0x0000000008000854                RTC_Alarm_IRQHandler
                0x0000000008000854                HASH_RNG_IRQHandler
                0x0000000008000854                EXTI2_IRQHandler
                0x0000000008000854                TIM8_CC_IRQHandler
                0x0000000008000854                TIM1_CC_IRQHandler
                0x0000000008000854                DMA2_Stream5_IRQHandler
                0x0000000008000854                DMA1_Stream5_IRQHandler
                0x0000000008000854                PVD_IRQHandler
                0x0000000008000854                SDIO_IRQHandler
                0x0000000008000854                TAMP_STAMP_IRQHandler
                0x0000000008000854                CAN2_RX1_IRQHandler
                0x0000000008000854                EXTI3_IRQHandler
                0x0000000008000854                TIM8_TRG_COM_TIM14_IRQHandler
                0x0000000008000854                TIM1_UP_TIM10_IRQHandler
                0x0000000008000854                TIM8_UP_TIM13_IRQHandler
                0x0000000008000854                I2C3_ER_IRQHandler
                0x0000000008000854                EXTI0_IRQHandler
                0x0000000008000854                I2C2_EV_IRQHandler
                0x0000000008000854                DMA1_Stream2_IRQHandler
                0x0000000008000854                CAN1_RX0_IRQHandler
                0x0000000008000854                FPU_IRQHandler
                0x0000000008000854                OTG_HS_WKUP_IRQHandler
                0x0000000008000854                CAN2_SCE_IRQHandler
                0x0000000008000854                DMA2_Stream2_IRQHandler
                0x0000000008000854                SPI1_IRQHandler
                0x0000000008000854                TIM6_DAC_IRQHandler
                0x0000000008000854                TIM1_BRK_TIM9_IRQHandler
                0x0000000008000854                DCMI_IRQHandler
                0x0000000008000854                CAN2_RX0_IRQHandler
                0x0000000008000854                DMA2_Stream3_IRQHandler
                0x0000000008000854                USART6_IRQHandler
                0x0000000008000854                USART3_IRQHandler
                0x0000000008000854                CAN1_RX1_IRQHandler
                0x0000000008000854                UART5_IRQHandler
                0x0000000008000854                DMA2_Stream0_IRQHandler
                0x0000000008000854                TIM4_IRQHandler
                0x0000000008000854                I2C1_EV_IRQHandler
                0x0000000008000854                DMA1_Stream6_IRQHandler
                0x0000000008000854                DMA1_Stream1_IRQHandler
                0x0000000008000854                UART4_IRQHandler
                0x0000000008000854                TIM3_IRQHandler
                0x0000000008000854                RCC_IRQHandler
                0x0000000008000854                TIM8_BRK_TIM12_IRQHandler
                0x0000000008000854                Default_Handler
                0x0000000008000854                EXTI15_10_IRQHandler
                0x0000000008000854                ADC_IRQHandler
                0x0000000008000854                DMA1_Stream7_IRQHandler
                0x0000000008000854                TIM7_IRQHandler
                0x0000000008000854                CAN2_TX_IRQHandler
                0x0000000008000854                TIM5_IRQHandler
                0x0000000008000854                DMA2_Stream7_IRQHandler
                0x0000000008000854                I2C3_EV_IRQHandler
                0x0000000008000854                EXTI9_5_IRQHandler
                0x0000000008000854                RTC_WKUP_IRQHandler
                0x0000000008000854                ETH_WKUP_IRQHandler
                0x0000000008000854                SPI2_IRQHandler
                0x0000000008000854                OTG_HS_EP1_IN_IRQHandler
                0x0000000008000854                DMA1_Stream0_IRQHandler
                0x0000000008000854                CAN1_TX_IRQHandler
                0x0000000008000854                EXTI4_IRQHandler
                0x0000000008000854                FSMC_IRQHandler
                0x0000000008000854                ETH_IRQHandler
                0x0000000008000854                OTG_HS_EP1_OUT_IRQHandler
                0x0000000008000854                WWDG_IRQHandler
                0x0000000008000854                TIM2_IRQHandler
                0x0000000008000854                OTG_FS_WKUP_IRQHandler
                0x0000000008000854                TIM1_TRG_COM_TIM11_IRQHandler
                0x0000000008000854                OTG_HS_IRQHandler
                0x0000000008000854                EXTI1_IRQHandler
                0x0000000008000854                USART2_IRQHandler
                0x0000000008000854                I2C2_ER_IRQHandler
                0x0000000008000854                DMA2_Stream1_IRQHandler
                0x0000000008000854                CAN1_SCE_IRQHandler
                0x0000000008000854                FLASH_IRQHandler
                0x0000000008000854                DMA2_Stream4_IRQHandler
                0x0000000008000854                USART1_IRQHandler
                0x0000000008000854                OTG_FS_IRQHandler
                0x0000000008000854                SPI3_IRQHandler
                0x0000000008000854                DMA1_Stream4_IRQHandler
                0x0000000008000854                I2C1_ER_IRQHandler
                0x0000000008000854                DMA2_Stream6_IRQHandler
                0x0000000008000854                DMA1_Stream3_IRQHandler
 *fill*         0x0000000008000856        0x2 
 .text.HAL_Init
                0x0000000008000858       0x44 ./Drivers/STM32F4xx_HAL_Driver/Src/stm32f4xx_hal.o
                0x0000000008000858                HAL_Init
 .text.HAL_InitTick
                0x000000000800089c       0x60 ./Drivers/STM32F4xx_HAL_Driver/Src/stm32f4xx_hal.o
                0x000000000800089c                HAL_InitTick
 .text.HAL_GetTick
                0x00000000080008fc       0x18 ./Drivers/STM32F4xx_HAL_Driver/Src/stm32f4xx_hal.o
                0x00000000080008fc                HAL_GetTick
 .text.__NVIC_SetPriorityGrouping
                0x0000000008000914       0x48 ./Drivers/STM32F4xx_HAL_Driver/Src/stm32f4xx_hal_cortex.o
 .text.__NVIC_GetPriorityGrouping
                0x000000000800095c       0x1c ./Drivers/STM32F4xx_HAL_Driver/Src/stm32f4xx_hal_cortex.o
 .text.__NVIC_SetPriority
                0x0000000008000978       0x54 ./Drivers/STM32F4xx_HAL_Driver/Src/stm32f4xx_hal_cortex.o
 .text.NVIC_EncodePriority
                0x00000000080009cc       0x66 ./Drivers/STM32F4xx_HAL_Driver/Src/stm32f4xx_hal_cortex.o
 *fill*         0x0000000008000a32        0x2 
 .text.SysTick_Config
                0x0000000008000a34       0x44 ./Drivers/STM32F4xx_HAL_Driver/Src/stm32f4xx_hal_cortex.o
 .text.HAL_NVIC_SetPriorityGrouping
                0x0000000008000a78       0x16 ./Drivers/STM32F4xx_HAL_Driver/Src/stm32f4xx_hal_cortex.o
                0x0000000008000a78                HAL_NVIC_SetPriorityGrouping
 .text.HAL_NVIC_SetPriority
                0x0000000008000a8e       0x38 ./Drivers/STM32F4xx_HAL_Driver/Src/stm32f4xx_hal_cortex.o
                0x0000000008000a8e                HAL_NVIC_SetPriority
 .text.HAL_SYSTICK_Config
                0x0000000008000ac6       0x18 ./Drivers/STM32F4xx_HAL_Driver/Src/stm32f4xx_hal_cortex.o
                0x0000000008000ac6                HAL_SYSTICK_Config
 *fill*         0x0000000008000ade        0x2 
 .text.HAL_GPIO_Init
                0x0000000008000ae0      0x338 ./Drivers/STM32F4xx_HAL_Driver/Src/stm32f4xx_hal_gpio.o
                0x0000000008000ae0                HAL_GPIO_Init
 .text.HAL_GPIO_ReadPin
                0x0000000008000e18       0x30 ./Drivers/STM32F4xx_HAL_Driver/Src/stm32f4xx_hal_gpio.o
                0x0000000008000e18                HAL_GPIO_ReadPin
 .text.HAL_GPIO_WritePin
                0x0000000008000e48       0x32 ./Drivers/STM32F4xx_HAL_Driver/Src/stm32f4xx_hal_gpio.o
                0x0000000008000e48                HAL_GPIO_WritePin
 *fill*         0x0000000008000e7a        0x2 
 .text.HAL_RCC_OscConfig
                0x0000000008000e7c      0x4f0 ./Drivers/STM32F4xx_HAL_Driver/Src/stm32f4xx_hal_rcc.o
                0x0000000008000e7c                HAL_RCC_OscConfig
 .text.HAL_RCC_ClockConfig
                0x000000000800136c      0x1cc ./Drivers/STM32F4xx_HAL_Driver/Src/stm32f4xx_hal_rcc.o
                0x000000000800136c                HAL_RCC_ClockConfig
 .text.HAL_RCC_GetSysClockFreq
                0x0000000008001538      0x18c ./Drivers/STM32F4xx_HAL_Driver/Src/stm32f4xx_hal_rcc.o
                0x0000000008001538                HAL_RCC_GetSysClockFreq
 .text.vListInitialise
                0x00000000080016c4       0x40 ./ThirdParty/FreeRTOS/org/Source/list.o
                0x00000000080016c4                vListInitialise
 .text.vListInitialiseItem
                0x0000000008001704       0x1a ./ThirdParty/FreeRTOS/org/Source/list.o
                0x0000000008001704                vListInitialiseItem
 .text.vListInsert
                0x000000000800171e       0x72 ./ThirdParty/FreeRTOS/org/Source/list.o
                0x000000000800171e                vListInsert
 .text.uxListRemove
                0x0000000008001790       0x54 ./ThirdParty/FreeRTOS/org/Source/list.o
                0x0000000008001790                uxListRemove
 .text.xQueueGenericReset
                0x00000000080017e4      0x120 ./ThirdParty/FreeRTOS/org/Source/queue.o
                0x00000000080017e4                xQueueGenericReset
 .text.xQueueGenericCreate
                0x0000000008001904       0x9c ./ThirdParty/FreeRTOS/org/Source/queue.o
                0x0000000008001904                xQueueGenericCreate
 .text.prvInitialiseNewQueue
                0x00000000080019a0       0x46 ./ThirdParty/FreeRTOS/org/Source/queue.o
 *fill*         0x00000000080019e6        0x2 
 .text.xQueueGenericSend
                0x00000000080019e8      0x1fc ./ThirdParty/FreeRTOS/org/Source/queue.o
                0x00000000080019e8                xQueueGenericSend
 .text.xQueueReceive
                0x0000000008001be4      0x1c0 ./ThirdParty/FreeRTOS/org/Source/queue.o
                0x0000000008001be4                xQueueReceive
 .text.prvCopyDataToQueue
                0x0000000008001da4       0xd4 ./ThirdParty/FreeRTOS/org/Source/queue.o
 .text.prvCopyDataFromQueue
                0x0000000008001e78       0x4c ./ThirdParty/FreeRTOS/org/Source/queue.o
 .text.prvUnlockQueue
                0x0000000008001ec4       0xa4 ./ThirdParty/FreeRTOS/org/Source/queue.o
 .text.prvIsQueueEmpty
                0x0000000008001f68       0x2c ./ThirdParty/FreeRTOS/org/Source/queue.o
 .text.prvIsQueueFull
                0x0000000008001f94       0x30 ./ThirdParty/FreeRTOS/org/Source/queue.o
 .text.vQueueAddToRegistry
                0x0000000008001fc4       0x9c ./ThirdParty/FreeRTOS/org/Source/queue.o
                0x0000000008001fc4                vQueueAddToRegistry
 .text.vQueueWaitForMessageRestricted
                0x0000000008002060       0x68 ./ThirdParty/FreeRTOS/org/Source/queue.o
                0x0000000008002060                vQueueWaitForMessageRestricted
 .text.xTaskCreate
                0x00000000080020c8       0x82 ./ThirdParty/FreeRTOS/org/Source/tasks.o
                0x00000000080020c8                xTaskCreate
 .text.prvInitialiseNewTask
                0x000000000800214a      0x148 ./ThirdParty/FreeRTOS/org/Source/tasks.o
 *fill*         0x0000000008002292        0x2 
 .text.prvAddNewTaskToReadyList
                0x0000000008002294      0x12c ./ThirdParty/FreeRTOS/org/Source/tasks.o
 .text.vTaskDelay
                0x00000000080023c0       0x68 ./ThirdParty/FreeRTOS/org/Source/tasks.o
                0x00000000080023c0                vTaskDelay
 .text.vTaskStartScheduler
                0x0000000008002428       0xa4 ./ThirdParty/FreeRTOS/org/Source/tasks.o
                0x0000000008002428                vTaskStartScheduler
 .text.vTaskSuspendAll
                0x00000000080024cc       0x1c ./ThirdParty/FreeRTOS/org/Source/tasks.o
                0x00000000080024cc                vTaskSuspendAll
 .text.xTaskResumeAll
                0x00000000080024e8      0x1f8 ./ThirdParty/FreeRTOS/org/Source/tasks.o
                0x00000000080024e8                xTaskResumeAll
 .text.xTaskGetTickCount
                0x00000000080026e0       0x20 ./ThirdParty/FreeRTOS/org/Source/tasks.o
                0x00000000080026e0                xTaskGetTickCount
 .text.xTaskIncrementTick
                0x0000000008002700      0x22c ./ThirdParty/FreeRTOS/org/Source/tasks.o
                0x0000000008002700                xTaskIncrementTick
 .text.vTaskSwitchContext
                0x000000000800292c       0xb8 ./ThirdParty/FreeRTOS/org/Source/tasks.o
                0x000000000800292c                vTaskSwitchContext
 .text.vTaskPlaceOnEventList
                0x00000000080029e4       0x48 ./ThirdParty/FreeRTOS/org/Source/tasks.o
                0x00000000080029e4                vTaskPlaceOnEventList
 .text.vTaskPlaceOnEventListRestricted
                0x0000000008002a2c       0x8c ./ThirdParty/FreeRTOS/org/Source/tasks.o
                0x0000000008002a2c                vTaskPlaceOnEventListRestricted
 .text.xTaskRemoveFromEventList
                0x0000000008002ab8      0x1ac ./ThirdParty/FreeRTOS/org/Source/tasks.o
                0x0000000008002ab8                xTaskRemoveFromEventList
 .text.vTaskInternalSetTimeOutState
                0x0000000008002c64       0x2c ./ThirdParty/FreeRTOS/org/Source/tasks.o
                0x0000000008002c64                vTaskInternalSetTimeOutState
 .text.xTaskCheckForTimeOut
                0x0000000008002c90       0xcc ./ThirdParty/FreeRTOS/org/Source/tasks.o
                0x0000000008002c90                xTaskCheckForTimeOut
 .text.vTaskMissedYield
                0x0000000008002d5c       0x18 ./ThirdParty/FreeRTOS/org/Source/tasks.o
                0x0000000008002d5c                vTaskMissedYield
 .text.prvIdleTask
                0x0000000008002d74       0x30 ./ThirdParty/FreeRTOS/org/Source/tasks.o
 .text.prvInitialiseTaskLists
                0x0000000008002da4       0x80 ./ThirdParty/FreeRTOS/org/Source/tasks.o
 .text.prvCheckTasksWaitingTermination
                0x0000000008002e24       0x5c ./ThirdParty/FreeRTOS/org/Source/tasks.o
 .text.prvDeleteTCB
                0x0000000008002e80       0x20 ./ThirdParty/FreeRTOS/org/Source/tasks.o
 .text.prvResetNextTaskUnblockTime
                0x0000000008002ea0       0x38 ./ThirdParty/FreeRTOS/org/Source/tasks.o
 .text.xTaskGetSchedulerState
                0x0000000008002ed8       0x3c ./ThirdParty/FreeRTOS/org/Source/tasks.o
                0x0000000008002ed8                xTaskGetSchedulerState
 .text.xTaskPriorityDisinherit
                0x0000000008002f14      0x148 ./ThirdParty/FreeRTOS/org/Source/tasks.o
                0x0000000008002f14                xTaskPriorityDisinherit
 .text.prvAddCurrentTaskToDelayedList
                0x000000000800305c      0x100 ./ThirdParty/FreeRTOS/org/Source/tasks.o
 .text.xTimerCreateTimerTask
                0x000000000800315c       0x64 ./ThirdParty/FreeRTOS/org/Source/timers.o
                0x000000000800315c                xTimerCreateTimerTask
 .text.prvReloadTimer
                0x00000000080031c0       0x42 ./ThirdParty/FreeRTOS/org/Source/timers.o
 *fill*         0x0000000008003202        0x2 
 .text.prvProcessExpiredTimer
                0x0000000008003204       0x60 ./ThirdParty/FreeRTOS/org/Source/timers.o
 .text.prvTimerTask
                0x0000000008003264       0x24 ./ThirdParty/FreeRTOS/org/Source/timers.o
 .text.prvProcessTimerOrBlockTask
                0x0000000008003288       0x9c ./ThirdParty/FreeRTOS/org/Source/timers.o
 .text.prvGetNextExpireTime
                0x0000000008003324       0x48 ./ThirdParty/FreeRTOS/org/Source/timers.o
 .text.prvSampleTimeNow
                0x000000000800336c       0x40 ./ThirdParty/FreeRTOS/org/Source/timers.o
 .text.prvInsertTimerInActiveList
                0x00000000080033ac       0x84 ./ThirdParty/FreeRTOS/org/Source/timers.o
 .text.prvProcessReceivedCommands
                0x0000000008003430      0x17c ./ThirdParty/FreeRTOS/org/Source/timers.o
 .text.prvSwitchTimerLists
                0x00000000080035ac       0x4c ./ThirdParty/FreeRTOS/org/Source/timers.o
 .text.prvCheckForValidListAndQueue
                0x00000000080035f8       0x6c ./ThirdParty/FreeRTOS/org/Source/timers.o
 .text.pxPortInitialiseStack
                0x0000000008003664       0x68 ./ThirdParty/FreeRTOS/org/Source/portable/GCC/ARM_CM4F/port.o
                0x0000000008003664                pxPortInitialiseStack
 .text.prvTaskExitError
                0x00000000080036cc       0x58 ./ThirdParty/FreeRTOS/org/Source/portable/GCC/ARM_CM4F/port.o
 *fill*         0x0000000008003724        0xc 
 .text.SVC_Handler
                0x0000000008003730       0x28 ./ThirdParty/FreeRTOS/org/Source/portable/GCC/ARM_CM4F/port.o
                0x0000000008003730                SVC_Handler
 .text.prvPortStartFirstTask
                0x0000000008003758       0x2c ./ThirdParty/FreeRTOS/org/Source/portable/GCC/ARM_CM4F/port.o
 .text.xPortStartScheduler
                0x0000000008003784      0x144 ./ThirdParty/FreeRTOS/org/Source/portable/GCC/ARM_CM4F/port.o
                0x0000000008003784                xPortStartScheduler
 .text.vPortEnterCritical
                0x00000000080038c8       0x60 ./ThirdParty/FreeRTOS/org/Source/portable/GCC/ARM_CM4F/port.o
                0x00000000080038c8                vPortEnterCritical
 .text.vPortExitCritical
                0x0000000008003928       0x54 ./ThirdParty/FreeRTOS/org/Source/portable/GCC/ARM_CM4F/port.o
                0x0000000008003928                vPortExitCritical
 *fill*         0x000000000800397c        0x4 
 .text.PendSV_Handler
                0x0000000008003980       0x68 ./ThirdParty/FreeRTOS/org/Source/portable/GCC/ARM_CM4F/port.o
                0x0000000008003980                PendSV_Handler
 .text.SysTick_Handler
                0x00000000080039e8       0x44 ./ThirdParty/FreeRTOS/org/Source/portable/GCC/ARM_CM4F/port.o
                0x00000000080039e8                SysTick_Handler
 .text.vPortSetupTimerInterrupt
                0x0000000008003a2c       0x48 ./ThirdParty/FreeRTOS/org/Source/portable/GCC/ARM_CM4F/port.o
                0x0000000008003a2c                vPortSetupTimerInterrupt
 .text.vPortEnableVFP
                0x0000000008003a74       0x18 ./ThirdParty/FreeRTOS/org/Source/portable/GCC/ARM_CM4F/port.o
 .text.pvPortMalloc
                0x0000000008003a8c      0x1c0 ./ThirdParty/FreeRTOS/org/Source/portable/MemMang/heap_4.o
                0x0000000008003a8c                pvPortMalloc
 .text.vPortFree
                0x0000000008003c4c       0xc4 ./ThirdParty/FreeRTOS/org/Source/portable/MemMang/heap_4.o
                0x0000000008003c4c                vPortFree
 .text.prvHeapInit
                0x0000000008003d10       0xc4 ./ThirdParty/FreeRTOS/org/Source/portable/MemMang/heap_4.o
 .text.prvInsertBlockIntoFreeList
                0x0000000008003dd4       0xb4 ./ThirdParty/FreeRTOS/org/Source/portable/MemMang/heap_4.o
 .text.__libc_init_array
                0x0000000008003e88       0x48 c:/st/stm32cubeide_1.8.0/stm32cubeide/plugins/com.st.stm32cube.ide.mcu.externaltools.gnu-tools-for-stm32.10.3-2021.10.win32_1.0.0.202111181127/tools/bin/../lib/gcc/arm-none-eabi/10.3.1/../../../../arm-none-eabi/lib/thumb/v7e-m+fp/hard\libc_nano.a(lib_a-init.o)
                0x0000000008003e88                __libc_init_array
 .text.memcpy   0x0000000008003ed0       0x1c c:/st/stm32cubeide_1.8.0/stm32cubeide/plugins/com.st.stm32cube.ide.mcu.externaltools.gnu-tools-for-stm32.10.3-2021.10.win32_1.0.0.202111181127/tools/bin/../lib/gcc/arm-none-eabi/10.3.1/../../../../arm-none-eabi/lib/thumb/v7e-m+fp/hard\libc_nano.a(lib_a-memcpy-stub.o)
                0x0000000008003ed0                memcpy
 .text.memset   0x0000000008003eec       0x10 c:/st/stm32cubeide_1.8.0/stm32cubeide/plugins/com.st.stm32cube.ide.mcu.externaltools.gnu-tools-for-stm32.10.3-2021.10.win32_1.0.0.202111181127/tools/bin/../lib/gcc/arm-none-eabi/10.3.1/../../../../arm-none-eabi/lib/thumb/v7e-m+fp/hard\libc_nano.a(lib_a-memset.o)
                0x0000000008003eec                memset
 *(.glue_7)
 .glue_7        0x0000000008003efc        0x0 linker stubs
 *(.glue_7t)
 .glue_7t       0x0000000008003efc        0x0 linker stubs
 *(.eh_frame)
 .eh_frame      0x0000000008003efc        0x0 c:/st/stm32cubeide_1.8.0/stm32cubeide/plugins/com.st.stm32cube.ide.mcu.externaltools.gnu-tools-for-stm32.10.3-2021.10.win32_1.0.0.202111181127/tools/bin/../lib/gcc/arm-none-eabi/10.3.1/thumb/v7e-m+fp/hard/crtbegin.o
 *(.init)
 .init          0x0000000008003efc        0x4 c:/st/stm32cubeide_1.8.0/stm32cubeide/plugins/com.st.stm32cube.ide.mcu.externaltools.gnu-tools-for-stm32.10.3-2021.10.win32_1.0.0.202111181127/tools/bin/../lib/gcc/arm-none-eabi/10.3.1/thumb/v7e-m+fp/hard/crti.o
                0x0000000008003efc                _init
 .init          0x0000000008003f00        0x8 c:/st/stm32cubeide_1.8.0/stm32cubeide/plugins/com.st.stm32cube.ide.mcu.externaltools.gnu-tools-for-stm32.10.3-2021.10.win32_1.0.0.202111181127/tools/bin/../lib/gcc/arm-none-eabi/10.3.1/thumb/v7e-m+fp/hard/crtn.o
 *(.fini)
 .fini          0x0000000008003f08        0x4 c:/st/stm32cubeide_1.8.0/stm32cubeide/plugins/com.st.stm32cube.ide.mcu.externaltools.gnu-tools-for-stm32.10.3-2021.10.win32_1.0.0.202111181127/tools/bin/../lib/gcc/arm-none-eabi/10.3.1/thumb/v7e-m+fp/hard/crti.o
                0x0000000008003f08                _fini
 .fini          0x0000000008003f0c        0x8 c:/st/stm32cubeide_1.8.0/stm32cubeide/plugins/com.st.stm32cube.ide.mcu.externaltools.gnu-tools-for-stm32.10.3-2021.10.win32_1.0.0.202111181127/tools/bin/../lib/gcc/arm-none-eabi/10.3.1/thumb/v7e-m+fp/hard/crtn.o
                0x0000000008003f14                . = ALIGN (0x4)
                0x0000000008003f14                _etext = .

.vfp11_veneer   0x0000000008003f14        0x0
 .vfp11_veneer  0x0000000008003f14        0x0 linker stubs

.v4_bx          0x0000000008003f14        0x0
 .v4_bx         0x0000000008003f14        0x0 linker stubs

.iplt           0x0000000008003f14        0x0
 .iplt          0x0000000008003f14        0x0 c:/st/stm32cubeide_1.8.0/stm32cubeide/plugins/com.st.stm32cube.ide.mcu.externaltools.gnu-tools-for-stm32.10.3-2021.10.win32_1.0.0.202111181127/tools/bin/../lib/gcc/arm-none-eabi/10.3.1/thumb/v7e-m+fp/hard/crtbegin.o

.rodata         0x0000000008003f14       0x40
                0x0000000008003f14                . = ALIGN (0x4)
 *(.rodata)
 .rodata        0x0000000008003f14       0x15 ./Core/Src/main.o
 *fill*         0x0000000008003f29        0x3 
 .rodata        0x0000000008003f2c        0x5 ./ThirdParty/FreeRTOS/org/Source/tasks.o
 *fill*         0x0000000008003f31        0x3 
 .rodata        0x0000000008003f34        0xd ./ThirdParty/FreeRTOS/org/Source/timers.o
 *(.rodata*)
 *fill*         0x0000000008003f41        0x3 
 .rodata.AHBPrescTable
                0x0000000008003f44       0x10 ./Core/Src/system_stm32f4xx.o
                0x0000000008003f44                AHBPrescTable
                0x0000000008003f54                . = ALIGN (0x4)

.ARM.extab      0x0000000008003f54        0x0
                0x0000000008003f54                . = ALIGN (0x4)
 *(.ARM.extab* .gnu.linkonce.armextab.*)
                0x0000000008003f54                . = ALIGN (0x4)

.ARM            0x0000000008003f54        0x8
                0x0000000008003f54                . = ALIGN (0x4)
                0x0000000008003f54                __exidx_start = .
 *(.ARM.exidx*)
 .ARM.exidx     0x0000000008003f54        0x8 c:/st/stm32cubeide_1.8.0/stm32cubeide/plugins/com.st.stm32cube.ide.mcu.externaltools.gnu-tools-for-stm32.10.3-2021.10.win32_1.0.0.202111181127/tools/bin/../lib/gcc/arm-none-eabi/10.3.1/thumb/v7e-m+fp/hard\libgcc.a(_udivmoddi4.o)
                0x0000000008003f5c                __exidx_end = .
                0x0000000008003f5c                . = ALIGN (0x4)

.rel.dyn        0x0000000008003f5c        0x0
 .rel.iplt      0x0000000008003f5c        0x0 c:/st/stm32cubeide_1.8.0/stm32cubeide/plugins/com.st.stm32cube.ide.mcu.externaltools.gnu-tools-for-stm32.10.3-2021.10.win32_1.0.0.202111181127/tools/bin/../lib/gcc/arm-none-eabi/10.3.1/thumb/v7e-m+fp/hard/crtbegin.o

.preinit_array  0x0000000008003f5c        0x0
                0x0000000008003f5c                . = ALIGN (0x4)
                0x0000000008003f5c                PROVIDE (__preinit_array_start = .)
 *(.preinit_array*)
                0x0000000008003f5c                PROVIDE (__preinit_array_end = .)
                0x0000000008003f5c                . = ALIGN (0x4)

.init_array     0x0000000008003f5c        0x4
                0x0000000008003f5c                . = ALIGN (0x4)
                0x0000000008003f5c                PROVIDE (__init_array_start = .)
 *(SORT_BY_NAME(.init_array.*))
 *(.init_array*)
 .init_array    0x0000000008003f5c        0x4 c:/st/stm32cubeide_1.8.0/stm32cubeide/plugins/com.st.stm32cube.ide.mcu.externaltools.gnu-tools-for-stm32.10.3-2021.10.win32_1.0.0.202111181127/tools/bin/../lib/gcc/arm-none-eabi/10.3.1/thumb/v7e-m+fp/hard/crtbegin.o
                0x0000000008003f60                PROVIDE (__init_array_end = .)
                0x0000000008003f60                . = ALIGN (0x4)

.fini_array     0x0000000008003f60        0x4
                0x0000000008003f60                . = ALIGN (0x4)
                [!provide]                        PROVIDE (__fini_array_start = .)
 *(SORT_BY_NAME(.fini_array.*))
 *(.fini_array*)
 .fini_array    0x0000000008003f60        0x4 c:/st/stm32cubeide_1.8.0/stm32cubeide/plugins/com.st.stm32cube.ide.mcu.externaltools.gnu-tools-for-stm32.10.3-2021.10.win32_1.0.0.202111181127/tools/bin/../lib/gcc/arm-none-eabi/10.3.1/thumb/v7e-m+fp/hard/crtbegin.o
                [!provide]                        PROVIDE (__fini_array_end = .)
                0x0000000008003f64                . = ALIGN (0x4)
                0x0000000008003f64                _sidata = LOADADDR (.data)

.data           0x0000000020000000       0x14 load address 0x0000000008003f64
                0x0000000020000000                . = ALIGN (0x4)
                0x0000000020000000                _sdata = .
 *(.data)
 *(.data*)
 .data.SystemCoreClock
                0x0000000020000000        0x4 ./Core/Src/system_stm32f4xx.o
                0x0000000020000000                SystemCoreClock
 .data.uwTickPrio
                0x0000000020000004        0x4 ./Drivers/STM32F4xx_HAL_Driver/Src/stm32f4xx_hal.o
                0x0000000020000004                uwTickPrio
 .data.uwTickFreq
                0x0000000020000008        0x1 ./Drivers/STM32F4xx_HAL_Driver/Src/stm32f4xx_hal.o
                0x0000000020000008                uwTickFreq
 *fill*         0x0000000020000009        0x3 
 .data.uxTopUsedPriority
                0x000000002000000c        0x4 ./ThirdParty/FreeRTOS/org/Source/tasks.o
                0x000000002000000c                uxTopUsedPriority
 .data.uxCriticalNesting
                0x0000000020000010        0x4 ./ThirdParty/FreeRTOS/org/Source/portable/GCC/ARM_CM4F/port.o
 *(.RamFunc)
 *(.RamFunc*)
                0x0000000020000014                . = ALIGN (0x4)
                0x0000000020000014                _edata = .
                0x0000000008003f78                _siccmram = LOADADDR (.ccmram)

.igot.plt       0x0000000020000014        0x0 load address 0x0000000008003f78
 .igot.plt      0x0000000020000014        0x0 c:/st/stm32cubeide_1.8.0/stm32cubeide/plugins/com.st.stm32cube.ide.mcu.externaltools.gnu-tools-for-stm32.10.3-2021.10.win32_1.0.0.202111181127/tools/bin/../lib/gcc/arm-none-eabi/10.3.1/thumb/v7e-m+fp/hard/crtbegin.o

.ccmram         0x0000000010000000        0x0 load address 0x0000000008003f78
                0x0000000010000000                . = ALIGN (0x4)
                0x0000000010000000                _sccmram = .
 *(.ccmram)
 *(.ccmram*)
                0x0000000010000000                . = ALIGN (0x4)
                0x0000000010000000                _eccmram = .
                0x0000000010000000                . = ALIGN (0x4)

.bss            0x0000000020000014    0x12dd4
                0x0000000020000014                _sbss = .
                0x0000000020000014                __bss_start__ = _sbss
 *(.bss)
 .bss           0x0000000020000014       0x1c c:/st/stm32cubeide_1.8.0/stm32cubeide/plugins/com.st.stm32cube.ide.mcu.externaltools.gnu-tools-for-stm32.10.3-2021.10.win32_1.0.0.202111181127/tools/bin/../lib/gcc/arm-none-eabi/10.3.1/thumb/v7e-m+fp/hard/crtbegin.o
 *(.bss*)
 .bss.TaskHandle1
                0x0000000020000030        0x4 ./Core/Src/main.o
                0x0000000020000030                TaskHandle1
 .bss.TaskHandle2
                0x0000000020000034        0x4 ./Core/Src/main.o
                0x0000000020000034                TaskHandle2
 .bss.xMailbox  0x0000000020000038        0x4 ./Core/Src/main.o
                0x0000000020000038                xMailbox
 .bss.uwTick    0x000000002000003c        0x4 ./Drivers/STM32F4xx_HAL_Driver/Src/stm32f4xx_hal.o
                0x000000002000003c                uwTick
 .bss.xQueueRegistry
                0x0000000020000040       0x40 ./ThirdParty/FreeRTOS/org/Source/queue.o
                0x0000000020000040                xQueueRegistry
 .bss.pxCurrentTCB
                0x0000000020000080        0x4 ./ThirdParty/FreeRTOS/org/Source/tasks.o
                0x0000000020000080                pxCurrentTCB
 .bss.pxReadyTasksLists
                0x0000000020000084       0x64 ./ThirdParty/FreeRTOS/org/Source/tasks.o
 .bss.xDelayedTaskList1
                0x00000000200000e8       0x14 ./ThirdParty/FreeRTOS/org/Source/tasks.o
 .bss.xDelayedTaskList2
                0x00000000200000fc       0x14 ./ThirdParty/FreeRTOS/org/Source/tasks.o
 .bss.pxDelayedTaskList
                0x0000000020000110        0x4 ./ThirdParty/FreeRTOS/org/Source/tasks.o
 .bss.pxOverflowDelayedTaskList
                0x0000000020000114        0x4 ./ThirdParty/FreeRTOS/org/Source/tasks.o
 .bss.xPendingReadyList
                0x0000000020000118       0x14 ./ThirdParty/FreeRTOS/org/Source/tasks.o
 .bss.xTasksWaitingTermination
                0x000000002000012c       0x14 ./ThirdParty/FreeRTOS/org/Source/tasks.o
 .bss.uxDeletedTasksWaitingCleanUp
                0x0000000020000140        0x4 ./ThirdParty/FreeRTOS/org/Source/tasks.o
 .bss.xSuspendedTaskList
                0x0000000020000144       0x14 ./ThirdParty/FreeRTOS/org/Source/tasks.o
 .bss.uxCurrentNumberOfTasks
                0x0000000020000158        0x4 ./ThirdParty/FreeRTOS/org/Source/tasks.o
 .bss.xTickCount
                0x000000002000015c        0x4 ./ThirdParty/FreeRTOS/org/Source/tasks.o
 .bss.uxTopReadyPriority
                0x0000000020000160        0x4 ./ThirdParty/FreeRTOS/org/Source/tasks.o
 .bss.xSchedulerRunning
                0x0000000020000164        0x4 ./ThirdParty/FreeRTOS/org/Source/tasks.o
 .bss.xPendedTicks
                0x0000000020000168        0x4 ./ThirdParty/FreeRTOS/org/Source/tasks.o
 .bss.xYieldPending
                0x000000002000016c        0x4 ./ThirdParty/FreeRTOS/org/Source/tasks.o
 .bss.xNumOfOverflows
                0x0000000020000170        0x4 ./ThirdParty/FreeRTOS/org/Source/tasks.o
 .bss.uxTaskNumber
                0x0000000020000174        0x4 ./ThirdParty/FreeRTOS/org/Source/tasks.o
 .bss.xNextTaskUnblockTime
                0x0000000020000178        0x4 ./ThirdParty/FreeRTOS/org/Source/tasks.o
 .bss.xIdleTaskHandle
                0x000000002000017c        0x4 ./ThirdParty/FreeRTOS/org/Source/tasks.o
 .bss.uxSchedulerSuspended
                0x0000000020000180        0x4 ./ThirdParty/FreeRTOS/org/Source/tasks.o
 .bss.xActiveTimerList1
                0x0000000020000184       0x14 ./ThirdParty/FreeRTOS/org/Source/timers.o
 .bss.xActiveTimerList2
                0x0000000020000198       0x14 ./ThirdParty/FreeRTOS/org/Source/timers.o
 .bss.pxCurrentTimerList
                0x00000000200001ac        0x4 ./ThirdParty/FreeRTOS/org/Source/timers.o
 .bss.pxOverflowTimerList
                0x00000000200001b0        0x4 ./ThirdParty/FreeRTOS/org/Source/timers.o
 .bss.xTimerQueue
                0x00000000200001b4        0x4 ./ThirdParty/FreeRTOS/org/Source/timers.o
 .bss.xTimerTaskHandle
                0x00000000200001b8        0x4 ./ThirdParty/FreeRTOS/org/Source/timers.o
 .bss.xLastTime.0
                0x00000000200001bc        0x4 ./ThirdParty/FreeRTOS/org/Source/timers.o
 .bss.ucMaxSysCallPriority
                0x00000000200001c0        0x1 ./ThirdParty/FreeRTOS/org/Source/portable/GCC/ARM_CM4F/port.o
 *fill*         0x00000000200001c1        0x3 
 .bss.ulMaxPRIGROUPValue
                0x00000000200001c4        0x4 ./ThirdParty/FreeRTOS/org/Source/portable/GCC/ARM_CM4F/port.o
 .bss.ucHeap    0x00000000200001c8    0x12c00 ./ThirdParty/FreeRTOS/org/Source/portable/MemMang/heap_4.o
 .bss.xStart    0x0000000020012dc8        0x8 ./ThirdParty/FreeRTOS/org/Source/portable/MemMang/heap_4.o
 .bss.pxEnd     0x0000000020012dd0        0x4 ./ThirdParty/FreeRTOS/org/Source/portable/MemMang/heap_4.o
 .bss.xFreeBytesRemaining
                0x0000000020012dd4        0x4 ./ThirdParty/FreeRTOS/org/Source/portable/MemMang/heap_4.o
 .bss.xMinimumEverFreeBytesRemaining
                0x0000000020012dd8        0x4 ./ThirdParty/FreeRTOS/org/Source/portable/MemMang/heap_4.o
 .bss.xNumberOfSuccessfulAllocations
                0x0000000020012ddc        0x4 ./ThirdParty/FreeRTOS/org/Source/portable/MemMang/heap_4.o
 .bss.xNumberOfSuccessfulFrees
                0x0000000020012de0        0x4 ./ThirdParty/FreeRTOS/org/Source/portable/MemMang/heap_4.o
 .bss.xBlockAllocatedBit
                0x0000000020012de4        0x4 ./ThirdParty/FreeRTOS/org/Source/portable/MemMang/heap_4.o
 *(COMMON)
                0x0000000020012de8                . = ALIGN (0x4)
                0x0000000020012de8                _ebss = .
                0x0000000020012de8                __bss_end__ = _ebss

._user_heap_stack
                0x0000000020012de8      0x600
                0x0000000020012de8                . = ALIGN (0x8)
                [!provide]                        PROVIDE (end = .)
                0x0000000020012de8                PROVIDE (_end = .)
                0x0000000020012fe8                . = (. + _Min_Heap_Size)
 *fill*         0x0000000020012de8      0x200 
                0x00000000200133e8                . = (. + _Min_Stack_Size)
 *fill*         0x0000000020012fe8      0x400 
                0x00000000200133e8                . = ALIGN (0x8)

/DISCARD/
 libc.a(*)
 libm.a(*)
 libgcc.a(*)

.ARM.attributes
                0x0000000000000000       0x30
 *(.ARM.attributes)
 .ARM.attributes
                0x0000000000000000       0x1e c:/st/stm32cubeide_1.8.0/stm32cubeide/plugins/com.st.stm32cube.ide.mcu.externaltools.gnu-tools-for-stm32.10.3-2021.10.win32_1.0.0.202111181127/tools/bin/../lib/gcc/arm-none-eabi/10.3.1/thumb/v7e-m+fp/hard/crti.o
 .ARM.attributes
                0x000000000000001e       0x34 c:/st/stm32cubeide_1.8.0/stm32cubeide/plugins/com.st.stm32cube.ide.mcu.externaltools.gnu-tools-for-stm32.10.3-2021.10.win32_1.0.0.202111181127/tools/bin/../lib/gcc/arm-none-eabi/10.3.1/thumb/v7e-m+fp/hard/crtbegin.o
 .ARM.attributes
                0x0000000000000052       0x34 ./Core/Src/main.o
 .ARM.attributes
                0x0000000000000086       0x34 ./Core/Src/stm32f4xx_hal_msp.o
 .ARM.attributes
                0x00000000000000ba       0x34 ./Core/Src/stm32f4xx_it.o
 .ARM.attributes
                0x00000000000000ee       0x34 ./Core/Src/system_stm32f4xx.o
 .ARM.attributes
                0x0000000000000122       0x21 ./Core/Startup/startup_stm32f407vetx.o
 .ARM.attributes
                0x0000000000000143       0x34 ./Drivers/STM32F4xx_HAL_Driver/Src/stm32f4xx_hal.o
 .ARM.attributes
                0x0000000000000177       0x34 ./Drivers/STM32F4xx_HAL_Driver/Src/stm32f4xx_hal_cortex.o
 .ARM.attributes
                0x00000000000001ab       0x34 ./Drivers/STM32F4xx_HAL_Driver/Src/stm32f4xx_hal_gpio.o
 .ARM.attributes
                0x00000000000001df       0x34 ./Drivers/STM32F4xx_HAL_Driver/Src/stm32f4xx_hal_rcc.o
 .ARM.attributes
                0x0000000000000213       0x34 ./ThirdParty/FreeRTOS/org/Source/list.o
 .ARM.attributes
                0x0000000000000247       0x34 ./ThirdParty/FreeRTOS/org/Source/queue.o
 .ARM.attributes
                0x000000000000027b       0x34 ./ThirdParty/FreeRTOS/org/Source/tasks.o
 .ARM.attributes
                0x00000000000002af       0x34 ./ThirdParty/FreeRTOS/org/Source/timers.o
 .ARM.attributes
                0x00000000000002e3       0x34 ./ThirdParty/FreeRTOS/org/Source/portable/GCC/ARM_CM4F/port.o
 .ARM.attributes
                0x0000000000000317       0x34 ./ThirdParty/FreeRTOS/org/Source/portable/MemMang/heap_4.o
 .ARM.attributes
                0x000000000000034b       0x34 c:/st/stm32cubeide_1.8.0/stm32cubeide/plugins/com.st.stm32cube.ide.mcu.externaltools.gnu-tools-for-stm32.10.3-2021.10.win32_1.0.0.202111181127/tools/bin/../lib/gcc/arm-none-eabi/10.3.1/../../../../arm-none-eabi/lib/thumb/v7e-m+fp/hard\libc_nano.a(lib_a-init.o)
 .ARM.attributes
                0x000000000000037f       0x34 c:/st/stm32cubeide_1.8.0/stm32cubeide/plugins/com.st.stm32cube.ide.mcu.externaltools.gnu-tools-for-stm32.10.3-2021.10.win32_1.0.0.202111181127/tools/bin/../lib/gcc/arm-none-eabi/10.3.1/../../../../arm-none-eabi/lib/thumb/v7e-m+fp/hard\libc_nano.a(lib_a-memcpy-stub.o)
 .ARM.attributes
                0x00000000000003b3       0x34 c:/st/stm32cubeide_1.8.0/stm32cubeide/plugins/com.st.stm32cube.ide.mcu.externaltools.gnu-tools-for-stm32.10.3-2021.10.win32_1.0.0.202111181127/tools/bin/../lib/gcc/arm-none-eabi/10.3.1/../../../../arm-none-eabi/lib/thumb/v7e-m+fp/hard\libc_nano.a(lib_a-memset.o)
 .ARM.attributes
                0x00000000000003e7       0x1e c:/st/stm32cubeide_1.8.0/stm32cubeide/plugins/com.st.stm32cube.ide.mcu.externaltools.gnu-tools-for-stm32.10.3-2021.10.win32_1.0.0.202111181127/tools/bin/../lib/gcc/arm-none-eabi/10.3.1/thumb/v7e-m+fp/hard\libgcc.a(_aeabi_uldivmod.o)
 .ARM.attributes
                0x0000000000000405       0x34 c:/st/stm32cubeide_1.8.0/stm32cubeide/plugins/com.st.stm32cube.ide.mcu.externaltools.gnu-tools-for-stm32.10.3-2021.10.win32_1.0.0.202111181127/tools/bin/../lib/gcc/arm-none-eabi/10.3.1/thumb/v7e-m+fp/hard\libgcc.a(_udivmoddi4.o)
 .ARM.attributes
                0x0000000000000439       0x1e c:/st/stm32cubeide_1.8.0/stm32cubeide/plugins/com.st.stm32cube.ide.mcu.externaltools.gnu-tools-for-stm32.10.3-2021.10.win32_1.0.0.202111181127/tools/bin/../lib/gcc/arm-none-eabi/10.3.1/thumb/v7e-m+fp/hard\libgcc.a(_dvmd_tls.o)
 .ARM.attributes
                0x0000000000000457       0x1e c:/st/stm32cubeide_1.8.0/stm32cubeide/plugins/com.st.stm32cube.ide.mcu.externaltools.gnu-tools-for-stm32.10.3-2021.10.win32_1.0.0.202111181127/tools/bin/../lib/gcc/arm-none-eabi/10.3.1/thumb/v7e-m+fp/hard/crtn.o
OUTPUT(MailBox.elf elf32-littlearm)
LOAD linker stubs
LOAD c:/st/stm32cubeide_1.8.0/stm32cubeide/plugins/com.st.stm32cube.ide.mcu.externaltools.gnu-tools-for-stm32.10.3-2021.10.win32_1.0.0.202111181127/tools/bin/../lib/gcc/arm-none-eabi/10.3.1/../../../../arm-none-eabi/lib/thumb/v7e-m+fp/hard\libc.a
LOAD c:/st/stm32cubeide_1.8.0/stm32cubeide/plugins/com.st.stm32cube.ide.mcu.externaltools.gnu-tools-for-stm32.10.3-2021.10.win32_1.0.0.202111181127/tools/bin/../lib/gcc/arm-none-eabi/10.3.1/../../../../arm-none-eabi/lib/thumb/v7e-m+fp/hard\libm.a
LOAD c:/st/stm32cubeide_1.8.0/stm32cubeide/plugins/com.st.stm32cube.ide.mcu.externaltools.gnu-tools-for-stm32.10.3-2021.10.win32_1.0.0.202111181127/tools/bin/../lib/gcc/arm-none-eabi/10.3.1/thumb/v7e-m+fp/hard\libgcc.a

.debug_info     0x0000000000000000     0x9480
 .debug_info    0x0000000000000000      0x910 ./Core/Src/main.o
 .debug_info    0x0000000000000910      0x2a8 ./Core/Src/stm32f4xx_hal_msp.o
 .debug_info    0x0000000000000bb8       0xe3 ./Core/Src/stm32f4xx_it.o
 .debug_info    0x0000000000000c9b      0x523 ./Core/Src/system_stm32f4xx.o
 .debug_info    0x00000000000011be       0x22 ./Core/Startup/startup_stm32f407vetx.o
 .debug_info    0x00000000000011e0      0x97c ./Drivers/STM32F4xx_HAL_Driver/Src/stm32f4xx_hal.o
 .debug_info    0x0000000000001b5c      0xe1b ./Drivers/STM32F4xx_HAL_Driver/Src/stm32f4xx_hal_cortex.o
 .debug_info    0x0000000000002977      0x76a ./Drivers/STM32F4xx_HAL_Driver/Src/stm32f4xx_hal_gpio.o
 .debug_info    0x00000000000030e1      0x966 ./Drivers/STM32F4xx_HAL_Driver/Src/stm32f4xx_hal_rcc.o
 .debug_info    0x0000000000003a47      0x2d1 ./ThirdParty/FreeRTOS/org/Source/list.o
 .debug_info    0x0000000000003d18     0x1926 ./ThirdParty/FreeRTOS/org/Source/queue.o
 .debug_info    0x000000000000563e     0x25ab ./ThirdParty/FreeRTOS/org/Source/tasks.o
 .debug_info    0x0000000000007be9      0xe83 ./ThirdParty/FreeRTOS/org/Source/timers.o
 .debug_info    0x0000000000008a6c      0x507 ./ThirdParty/FreeRTOS/org/Source/portable/GCC/ARM_CM4F/port.o
 .debug_info    0x0000000000008f73      0x50d ./ThirdParty/FreeRTOS/org/Source/portable/MemMang/heap_4.o

.debug_abbrev   0x0000000000000000     0x1ce4
 .debug_abbrev  0x0000000000000000      0x270 ./Core/Src/main.o
 .debug_abbrev  0x0000000000000270       0xd4 ./Core/Src/stm32f4xx_hal_msp.o
 .debug_abbrev  0x0000000000000344       0x47 ./Core/Src/stm32f4xx_it.o
 .debug_abbrev  0x000000000000038b      0x116 ./Core/Src/system_stm32f4xx.o
 .debug_abbrev  0x00000000000004a1       0x12 ./Core/Startup/startup_stm32f407vetx.o
 .debug_abbrev  0x00000000000004b3      0x20d ./Drivers/STM32F4xx_HAL_Driver/Src/stm32f4xx_hal.o
 .debug_abbrev  0x00000000000006c0      0x316 ./Drivers/STM32F4xx_HAL_Driver/Src/stm32f4xx_hal_cortex.o
 .debug_abbrev  0x00000000000009d6      0x1c4 ./Drivers/STM32F4xx_HAL_Driver/Src/stm32f4xx_hal_gpio.o
 .debug_abbrev  0x0000000000000b9a      0x2aa ./Drivers/STM32F4xx_HAL_Driver/Src/stm32f4xx_hal_rcc.o
 .debug_abbrev  0x0000000000000e44       0xf2 ./ThirdParty/FreeRTOS/org/Source/list.o
 .debug_abbrev  0x0000000000000f36      0x312 ./ThirdParty/FreeRTOS/org/Source/queue.o
 .debug_abbrev  0x0000000000001248      0x36c ./ThirdParty/FreeRTOS/org/Source/tasks.o
 .debug_abbrev  0x00000000000015b4      0x2c5 ./ThirdParty/FreeRTOS/org/Source/timers.o
 .debug_abbrev  0x0000000000001879      0x259 ./ThirdParty/FreeRTOS/org/Source/portable/GCC/ARM_CM4F/port.o
 .debug_abbrev  0x0000000000001ad2      0x212 ./ThirdParty/FreeRTOS/org/Source/portable/MemMang/heap_4.o

.debug_aranges  0x0000000000000000      0x908
 .debug_aranges
                0x0000000000000000       0x48 ./Core/Src/main.o
 .debug_aranges
                0x0000000000000048       0x20 ./Core/Src/stm32f4xx_hal_msp.o
 .debug_aranges
                0x0000000000000068       0x48 ./Core/Src/stm32f4xx_it.o
 .debug_aranges
                0x00000000000000b0       0x28 ./Core/Src/system_stm32f4xx.o
 .debug_aranges
                0x00000000000000d8       0x28 ./Core/Startup/startup_stm32f407vetx.o
 .debug_aranges
                0x0000000000000100       0xf0 ./Drivers/STM32F4xx_HAL_Driver/Src/stm32f4xx_hal.o
 .debug_aranges
                0x00000000000001f0      0x118 ./Drivers/STM32F4xx_HAL_Driver/Src/stm32f4xx_hal_cortex.o
 .debug_aranges
                0x0000000000000308       0x58 ./Drivers/STM32F4xx_HAL_Driver/Src/stm32f4xx_hal_gpio.o
 .debug_aranges
                0x0000000000000360       0x88 ./Drivers/STM32F4xx_HAL_Driver/Src/stm32f4xx_hal_rcc.o
 .debug_aranges
                0x00000000000003e8       0x40 ./ThirdParty/FreeRTOS/org/Source/list.o
 .debug_aranges
                0x0000000000000428      0x130 ./ThirdParty/FreeRTOS/org/Source/queue.o
 .debug_aranges
                0x0000000000000558      0x1f8 ./ThirdParty/FreeRTOS/org/Source/tasks.o
 .debug_aranges
                0x0000000000000750       0xe0 ./ThirdParty/FreeRTOS/org/Source/timers.o
 .debug_aranges
                0x0000000000000830       0x80 ./ThirdParty/FreeRTOS/org/Source/portable/GCC/ARM_CM4F/port.o
 .debug_aranges
                0x00000000000008b0       0x58 ./ThirdParty/FreeRTOS/org/Source/portable/MemMang/heap_4.o

.debug_ranges   0x0000000000000000      0x820
 .debug_ranges  0x0000000000000000       0x38 ./Core/Src/main.o
 .debug_ranges  0x0000000000000038       0x10 ./Core/Src/stm32f4xx_hal_msp.o
 .debug_ranges  0x0000000000000048       0x38 ./Core/Src/stm32f4xx_it.o
 .debug_ranges  0x0000000000000080       0x18 ./Core/Src/system_stm32f4xx.o
 .debug_ranges  0x0000000000000098       0x20 ./Core/Startup/startup_stm32f407vetx.o
 .debug_ranges  0x00000000000000b8       0xe0 ./Drivers/STM32F4xx_HAL_Driver/Src/stm32f4xx_hal.o
 .debug_ranges  0x0000000000000198      0x108 ./Drivers/STM32F4xx_HAL_Driver/Src/stm32f4xx_hal_cortex.o
 .debug_ranges  0x00000000000002a0       0x48 ./Drivers/STM32F4xx_HAL_Driver/Src/stm32f4xx_hal_gpio.o
 .debug_ranges  0x00000000000002e8       0x78 ./Drivers/STM32F4xx_HAL_Driver/Src/stm32f4xx_hal_rcc.o
 .debug_ranges  0x0000000000000360       0x30 ./ThirdParty/FreeRTOS/org/Source/list.o
 .debug_ranges  0x0000000000000390      0x120 ./ThirdParty/FreeRTOS/org/Source/queue.o
 .debug_ranges  0x00000000000004b0      0x1e8 ./ThirdParty/FreeRTOS/org/Source/tasks.o
 .debug_ranges  0x0000000000000698       0xd0 ./ThirdParty/FreeRTOS/org/Source/timers.o
 .debug_ranges  0x0000000000000768       0x70 ./ThirdParty/FreeRTOS/org/Source/portable/GCC/ARM_CM4F/port.o
 .debug_ranges  0x00000000000007d8       0x48 ./ThirdParty/FreeRTOS/org/Source/portable/MemMang/heap_4.o

.debug_macro    0x0000000000000000    0x2055e
 .debug_macro   0x0000000000000000      0x23f ./Core/Src/main.o
 .debug_macro   0x000000000000023f      0xa78 ./Core/Src/main.o
 .debug_macro   0x0000000000000cb7      0x28f ./Core/Src/main.o
 .debug_macro   0x0000000000000f46       0x2e ./Core/Src/main.o
 .debug_macro   0x0000000000000f74       0x2f ./Core/Src/main.o
 .debug_macro   0x0000000000000fa3       0x22 ./Core/Src/main.o
 .debug_macro   0x0000000000000fc5       0x8e ./Core/Src/main.o
 .debug_macro   0x0000000000001053       0x51 ./Core/Src/main.o
 .debug_macro   0x00000000000010a4      0x103 ./Core/Src/main.o
 .debug_macro   0x00000000000011a7       0x6a ./Core/Src/main.o
 .debug_macro   0x0000000000001211      0x1df ./Core/Src/main.o
 .debug_macro   0x00000000000013f0       0x1c ./Core/Src/main.o
 .debug_macro   0x000000000000140c       0x22 ./Core/Src/main.o
 .debug_macro   0x000000000000142e       0xd9 ./Core/Src/main.o
 .debug_macro   0x0000000000001507     0x102d ./Core/Src/main.o
 .debug_macro   0x0000000000002534      0x11f ./Core/Src/main.o
 .debug_macro   0x0000000000002653    0x15e82 ./Core/Src/main.o
 .debug_macro   0x00000000000184d5       0x6d ./Core/Src/main.o
 .debug_macro   0x0000000000018542     0x367e ./Core/Src/main.o
 .debug_macro   0x000000000001bbc0      0x174 ./Core/Src/main.o
 .debug_macro   0x000000000001bd34       0x5c ./Core/Src/main.o
 .debug_macro   0x000000000001bd90      0x96b ./Core/Src/main.o
 .debug_macro   0x000000000001c6fb      0x9fe ./Core/Src/main.o
 .debug_macro   0x000000000001d0f9      0x115 ./Core/Src/main.o
 .debug_macro   0x000000000001d20e      0x13e ./Core/Src/main.o
 .debug_macro   0x000000000001d34c       0xa5 ./Core/Src/main.o
 .debug_macro   0x000000000001d3f1      0x174 ./Core/Src/main.o
 .debug_macro   0x000000000001d565      0x287 ./Core/Src/main.o
 .debug_macro   0x000000000001d7ec       0x5f ./Core/Src/main.o
 .debug_macro   0x000000000001d84b      0x236 ./Core/Src/main.o
 .debug_macro   0x000000000001da81      0x12c ./Core/Src/main.o
 .debug_macro   0x000000000001dbad      0x21e ./Core/Src/main.o
 .debug_macro   0x000000000001ddcb       0x2e ./Core/Src/main.o
 .debug_macro   0x000000000001ddf9      0x11a ./Core/Src/main.o
 .debug_macro   0x000000000001df13       0x7e ./Core/Src/main.o
 .debug_macro   0x000000000001df91       0x89 ./Core/Src/main.o
 .debug_macro   0x000000000001e01a      0x12d ./Core/Src/main.o
 .debug_macro   0x000000000001e147       0x34 ./Core/Src/main.o
 .debug_macro   0x000000000001e17b      0x106 ./Core/Src/main.o
 .debug_macro   0x000000000001e281      0x15a ./Core/Src/main.o
 .debug_macro   0x000000000001e3db       0xea ./Core/Src/main.o
 .debug_macro   0x000000000001e4c5       0x28 ./Core/Src/main.o
 .debug_macro   0x000000000001e4ed       0x1f ./Core/Src/main.o
 .debug_macro   0x000000000001e50c       0x12 ./Core/Src/main.o
 .debug_macro   0x000000000001e51e      0x50b ./Core/Src/main.o
 .debug_macro   0x000000000001ea29       0xc3 ./Core/Src/main.o
 .debug_macro   0x000000000001eaec      0x120 ./Core/Src/main.o
 .debug_macro   0x000000000001ec0c       0x80 ./Core/Src/main.o
 .debug_macro   0x000000000001ec8c      0x1bf ./Core/Src/stm32f4xx_hal_msp.o
 .debug_macro   0x000000000001ee4b      0x1c9 ./Core/Src/stm32f4xx_it.o
 .debug_macro   0x000000000001f014      0x1b0 ./Core/Src/system_stm32f4xx.o
 .debug_macro   0x000000000001f1c4      0x210 ./Drivers/STM32F4xx_HAL_Driver/Src/stm32f4xx_hal.o
 .debug_macro   0x000000000001f3d4      0x1b0 ./Drivers/STM32F4xx_HAL_Driver/Src/stm32f4xx_hal_cortex.o
 .debug_macro   0x000000000001f584      0x1b6 ./Drivers/STM32F4xx_HAL_Driver/Src/stm32f4xx_hal_gpio.o
 .debug_macro   0x000000000001f73a      0x1d4 ./Drivers/STM32F4xx_HAL_Driver/Src/stm32f4xx_hal_rcc.o
 .debug_macro   0x000000000001f90e      0x198 ./ThirdParty/FreeRTOS/org/Source/list.o
 .debug_macro   0x000000000001faa6      0x221 ./ThirdParty/FreeRTOS/org/Source/queue.o
 .debug_macro   0x000000000001fcc7       0x16 ./ThirdParty/FreeRTOS/org/Source/queue.o
 .debug_macro   0x000000000001fcdd       0x20 ./ThirdParty/FreeRTOS/org/Source/queue.o
 .debug_macro   0x000000000001fcfd      0x27e ./ThirdParty/FreeRTOS/org/Source/tasks.o
 .debug_macro   0x000000000001ff7b       0x17 ./ThirdParty/FreeRTOS/org/Source/tasks.o
 .debug_macro   0x000000000001ff92      0x1e7 ./ThirdParty/FreeRTOS/org/Source/timers.o
 .debug_macro   0x0000000000020179       0x97 ./ThirdParty/FreeRTOS/org/Source/timers.o
 .debug_macro   0x0000000000020210      0x19b ./ThirdParty/FreeRTOS/org/Source/portable/GCC/ARM_CM4F/port.o
 .debug_macro   0x00000000000203ab      0x1b3 ./ThirdParty/FreeRTOS/org/Source/portable/MemMang/heap_4.o

.debug_line     0x0000000000000000     0xa540
 .debug_line    0x0000000000000000      0x92d ./Core/Src/main.o
 .debug_line    0x000000000000092d      0x66e ./Core/Src/stm32f4xx_hal_msp.o
 .debug_line    0x0000000000000f9b      0x6f3 ./Core/Src/stm32f4xx_it.o
 .debug_line    0x000000000000168e      0x6f0 ./Core/Src/system_stm32f4xx.o
 .debug_line    0x0000000000001d7e       0x88 ./Core/Startup/startup_stm32f407vetx.o
 .debug_line    0x0000000000001e06      0x956 ./Drivers/STM32F4xx_HAL_Driver/Src/stm32f4xx_hal.o
 .debug_line    0x000000000000275c      0xc05 ./Drivers/STM32F4xx_HAL_Driver/Src/stm32f4xx_hal_cortex.o
 .debug_line    0x0000000000003361      0xaca ./Drivers/STM32F4xx_HAL_Driver/Src/stm32f4xx_hal_gpio.o
 .debug_line    0x0000000000003e2b      0xcd0 ./Drivers/STM32F4xx_HAL_Driver/Src/stm32f4xx_hal_rcc.o
 .debug_line    0x0000000000004afb      0x76f ./ThirdParty/FreeRTOS/org/Source/list.o
 .debug_line    0x000000000000526a     0x1698 ./ThirdParty/FreeRTOS/org/Source/queue.o
 .debug_line    0x0000000000006902     0x1db3 ./ThirdParty/FreeRTOS/org/Source/tasks.o
 .debug_line    0x00000000000086b5      0xc7b ./ThirdParty/FreeRTOS/org/Source/timers.o
 .debug_line    0x0000000000009330      0x856 ./ThirdParty/FreeRTOS/org/Source/portable/GCC/ARM_CM4F/port.o
 .debug_line    0x0000000000009b86      0x9ba ./ThirdParty/FreeRTOS/org/Source/portable/MemMang/heap_4.o

.debug_str      0x0000000000000000    0xc7aec
 .debug_str     0x0000000000000000    0xc01e2 ./Core/Src/main.o
                                      0xc04b9 (size before relaxing)
 .debug_str     0x00000000000c01e2       0x2c ./Core/Src/stm32f4xx_hal_msp.o
                                      0xbaa8a (size before relaxing)
 .debug_str     0x00000000000c020e       0x92 ./Core/Src/stm32f4xx_it.o
                                      0xba9d9 (size before relaxing)
 .debug_str     0x00000000000c02a0       0xdb ./Core/Src/system_stm32f4xx.o
                                      0xbaa86 (size before relaxing)
 .debug_str     0x00000000000c037b       0x36 ./Core/Startup/startup_stm32f407vetx.o
                                         0x6f (size before relaxing)
 .debug_str     0x00000000000c03b1      0xb13 ./Drivers/STM32F4xx_HAL_Driver/Src/stm32f4xx_hal.o
                                      0xbb60a (size before relaxing)
 .debug_str     0x00000000000c0ec4      0x34d ./Drivers/STM32F4xx_HAL_Driver/Src/stm32f4xx_hal_cortex.o
                                      0xbb33d (size before relaxing)
 .debug_str     0x00000000000c1211      0x120 ./Drivers/STM32F4xx_HAL_Driver/Src/stm32f4xx_hal_gpio.o
                                      0xbac01 (size before relaxing)
 .debug_str     0x00000000000c1331      0x233 ./Drivers/STM32F4xx_HAL_Driver/Src/stm32f4xx_hal_rcc.o
                                      0xbaeba (size before relaxing)
 .debug_str     0x00000000000c1564     0x3013 ./ThirdParty/FreeRTOS/org/Source/list.o
                                       0xac64 (size before relaxing)
 .debug_str     0x00000000000c4577      0xac0 ./ThirdParty/FreeRTOS/org/Source/queue.o
                                       0xd0fe (size before relaxing)
 .debug_str     0x00000000000c5037     0x1ad8 ./ThirdParty/FreeRTOS/org/Source/tasks.o
                                       0xdd5d (size before relaxing)
 .debug_str     0x00000000000c6b0f      0x550 ./ThirdParty/FreeRTOS/org/Source/timers.o
                                       0xd4c1 (size before relaxing)
 .debug_str     0x00000000000c705f      0x772 ./ThirdParty/FreeRTOS/org/Source/portable/GCC/ARM_CM4F/port.o
                                       0x9750 (size before relaxing)
 .debug_str     0x00000000000c77d1      0x31b ./ThirdParty/FreeRTOS/org/Source/portable/MemMang/heap_4.o
                                       0xc12d (size before relaxing)

.comment        0x0000000000000000       0x50
 .comment       0x0000000000000000       0x50 ./Core/Src/main.o
                                         0x51 (size before relaxing)
 .comment       0x0000000000000050       0x51 ./Core/Src/stm32f4xx_hal_msp.o
 .comment       0x0000000000000050       0x51 ./Core/Src/stm32f4xx_it.o
 .comment       0x0000000000000050       0x51 ./Core/Src/system_stm32f4xx.o
 .comment       0x0000000000000050       0x51 ./Drivers/STM32F4xx_HAL_Driver/Src/stm32f4xx_hal.o
 .comment       0x0000000000000050       0x51 ./Drivers/STM32F4xx_HAL_Driver/Src/stm32f4xx_hal_cortex.o
 .comment       0x0000000000000050       0x51 ./Drivers/STM32F4xx_HAL_Driver/Src/stm32f4xx_hal_gpio.o
 .comment       0x0000000000000050       0x51 ./Drivers/STM32F4xx_HAL_Driver/Src/stm32f4xx_hal_rcc.o
 .comment       0x0000000000000050       0x51 ./ThirdParty/FreeRTOS/org/Source/list.o
 .comment       0x0000000000000050       0x51 ./ThirdParty/FreeRTOS/org/Source/queue.o
 .comment       0x0000000000000050       0x51 ./ThirdParty/FreeRTOS/org/Source/tasks.o
 .comment       0x0000000000000050       0x51 ./ThirdParty/FreeRTOS/org/Source/timers.o
 .comment       0x0000000000000050       0x51 ./ThirdParty/FreeRTOS/org/Source/portable/GCC/ARM_CM4F/port.o
 .comment       0x0000000000000050       0x51 ./ThirdParty/FreeRTOS/org/Source/portable/MemMang/heap_4.o

.debug_frame    0x0000000000000000     0x2350
 .debug_frame   0x0000000000000000       0xd0 ./Core/Src/main.o
 .debug_frame   0x00000000000000d0       0x38 ./Core/Src/stm32f4xx_hal_msp.o
 .debug_frame   0x0000000000000108       0xa8 ./Core/Src/stm32f4xx_it.o
 .debug_frame   0x00000000000001b0       0x58 ./Core/Src/system_stm32f4xx.o
 .debug_frame   0x0000000000000208      0x374 ./Drivers/STM32F4xx_HAL_Driver/Src/stm32f4xx_hal.o
 .debug_frame   0x000000000000057c      0x498 ./Drivers/STM32F4xx_HAL_Driver/Src/stm32f4xx_hal_cortex.o
 .debug_frame   0x0000000000000a14      0x14c ./Drivers/STM32F4xx_HAL_Driver/Src/stm32f4xx_hal_gpio.o
 .debug_frame   0x0000000000000b60      0x1f4 ./Drivers/STM32F4xx_HAL_Driver/Src/stm32f4xx_hal_rcc.o
 .debug_frame   0x0000000000000d54       0xd8 ./ThirdParty/FreeRTOS/org/Source/list.o
 .debug_frame   0x0000000000000e2c      0x534 ./ThirdParty/FreeRTOS/org/Source/queue.o
 .debug_frame   0x0000000000001360      0x8a4 ./ThirdParty/FreeRTOS/org/Source/tasks.o
 .debug_frame   0x0000000000001c04      0x3a4 ./ThirdParty/FreeRTOS/org/Source/timers.o
 .debug_frame   0x0000000000001fa8      0x1a8 ./ThirdParty/FreeRTOS/org/Source/portable/GCC/ARM_CM4F/port.o
 .debug_frame   0x0000000000002150      0x12c ./ThirdParty/FreeRTOS/org/Source/portable/MemMang/heap_4.o
 .debug_frame   0x000000000000227c       0x2c c:/st/stm32cubeide_1.8.0/stm32cubeide/plugins/com.st.stm32cube.ide.mcu.externaltools.gnu-tools-for-stm32.10.3-2021.10.win32_1.0.0.202111181127/tools/bin/../lib/gcc/arm-none-eabi/10.3.1/../../../../arm-none-eabi/lib/thumb/v7e-m+fp/hard\libc_nano.a(lib_a-init.o)
 .debug_frame   0x00000000000022a8       0x28 c:/st/stm32cubeide_1.8.0/stm32cubeide/plugins/com.st.stm32cube.ide.mcu.externaltools.gnu-tools-for-stm32.10.3-2021.10.win32_1.0.0.202111181127/tools/bin/../lib/gcc/arm-none-eabi/10.3.1/../../../../arm-none-eabi/lib/thumb/v7e-m+fp/hard\libc_nano.a(lib_a-memcpy-stub.o)
 .debug_frame   0x00000000000022d0       0x20 c:/st/stm32cubeide_1.8.0/stm32cubeide/plugins/com.st.stm32cube.ide.mcu.externaltools.gnu-tools-for-stm32.10.3-2021.10.win32_1.0.0.202111181127/tools/bin/../lib/gcc/arm-none-eabi/10.3.1/../../../../arm-none-eabi/lib/thumb/v7e-m+fp/hard\libc_nano.a(lib_a-memset.o)
 .debug_frame   0x00000000000022f0       0x2c c:/st/stm32cubeide_1.8.0/stm32cubeide/plugins/com.st.stm32cube.ide.mcu.externaltools.gnu-tools-for-stm32.10.3-2021.10.win32_1.0.0.202111181127/tools/bin/../lib/gcc/arm-none-eabi/10.3.1/thumb/v7e-m+fp/hard\libgcc.a(_aeabi_uldivmod.o)
 .debug_frame   0x000000000000231c       0x34 c:/st/stm32cubeide_1.8.0/stm32cubeide/plugins/com.st.stm32cube.ide.mcu.externaltools.gnu-tools-for-stm32.10.3-2021.10.win32_1.0.0.202111181127/tools/bin/../lib/gcc/arm-none-eabi/10.3.1/thumb/v7e-m+fp/hard\libgcc.a(_udivmoddi4.o)
